Synthetic :: 17
SMIMR :: 9
RoutesTheory :: 45
RoutesPractice :: 41
Serostatus :: 6
CircRisks :: Dushoff, Patocs, Shi; _PLoS ONE_, 2011
TrialDesign :: 31
EbolaTime :: 27
SubClinical :: 38
EbolaFit :: 19
BaliScen :: 43
EnglandFlu :: 49
AlbertaFlu :: 51
VaccineCoverage :: 10
CanadaSeasons :: 42
RabiesBurden :: 26
GenMath :: 7
GenApprox :: 1
GenDirection :: 30
